// Jest Snapshot v1, https://goo.gl/fbAQLP

exports[`<ProviderAmplitude> renders 1`] = `null`;
