// Jest Snapshot v1, https://goo.gl/fbAQLP

exports[`<InputSearch> renders 1`] = `
<View
  style={
    Array [
      undefined,
      undefined,
    ]
  }
>
  <View
    style={
      Array [
        Object {
          "marginBottom": 24,
        },
        Object {
          "width": "100%",
        },
      ]
    }
  >
    <View
      style={
        Array [
          Object {
            "alignItems": "center",
            "backgroundColor": "#ffffff",
            "borderColor": "#cdd2d4",
            "borderRadius": 2.5,
            "borderWidth": 1,
            "display": "flex",
            "flexDirection": "row",
            "paddingHorizontal": 8,
          },
          false,
          false,
          false,
          undefined,
        ]
      }
    >
      <View
        pointerEvents="none"
        style={
          Object {
            "alignItems": "center",
            "display": "flex",
            "flexDirection": "row",
            "justifyContent": "center",
            "paddingHorizontal": 4,
          }
        }
      >
        <Image
          resizeMode="contain"
          source={
            Object {
              "testUri": "../../../components/Icon/assets/search.png",
            }
          }
          style={
            Array [
              Object {
                "backgroundColor": "transparent",
                "height": 20,
                "width": 20,
              },
              Object {
                "alignSelf": "flex-start",
                "height": 18,
                "marginRight": 4,
                "width": 18,
              },
              undefined,
            ]
          }
        />
      </View>
      <TextInput
        allowFontScaling={true}
        autoCapitalize="none"
        autoCorrect={false}
        blurOnSubmit={true}
        editable={true}
        keyboard="default"
        keyboardType="default"
        multiline={false}
        onBlur={[Function]}
        onChangeText={[Function]}
        onFocus={[Function]}
        placeholderTextColor="#707070"
        style={
          Array [
            Object {
              "backgroundColor": "transparent",
              "borderWidth": 0,
              "color": "#4a4a4a",
              "flex": 1,
              "fontFamily": undefined,
              "fontSize": 16,
              "fontWeight": "400",
              "minHeight": 42,
              "paddingHorizontal": 4,
              "paddingVertical": 7.5,
              "width": "100%",
            },
            false,
            undefined,
            undefined,
            undefined,
          ]
        }
        underlineColorAndroid="transparent"
        value=""
      />
    </View>
  </View>
  <View
    style={
      Array [
        Object {
          "backgroundColor": "#ffffff",
          "borderRadius": 3,
          "paddingHorizontal": 16,
          "position": "absolute",
          "width": "100%",
          "zIndex": 2,
        },
        Object {
          "top": 44,
        },
      ]
    }
  />
</View>
`;

exports[`<InputSearch> when {dataSource} 1`] = `
<View
  style={
    Array [
      undefined,
      undefined,
    ]
  }
>
  <View
    style={
      Array [
        Object {
          "marginBottom": 24,
        },
        Object {
          "width": "100%",
        },
      ]
    }
  >
    <View
      style={
        Array [
          Object {
            "alignItems": "center",
            "backgroundColor": "#ffffff",
            "borderColor": "#cdd2d4",
            "borderRadius": 2.5,
            "borderWidth": 1,
            "display": "flex",
            "flexDirection": "row",
            "paddingHorizontal": 8,
          },
          false,
          false,
          false,
          undefined,
        ]
      }
    >
      <View
        pointerEvents="none"
        style={
          Object {
            "alignItems": "center",
            "display": "flex",
            "flexDirection": "row",
            "justifyContent": "center",
            "paddingHorizontal": 4,
          }
        }
      >
        <Image
          resizeMode="contain"
          source={
            Object {
              "testUri": "../../../components/Icon/assets/search.png",
            }
          }
          style={
            Array [
              Object {
                "backgroundColor": "transparent",
                "height": 20,
                "width": 20,
              },
              Object {
                "alignSelf": "flex-start",
                "height": 18,
                "marginRight": 4,
                "width": 18,
              },
              undefined,
            ]
          }
        />
      </View>
      <TextInput
        allowFontScaling={true}
        autoCapitalize="none"
        autoCorrect={false}
        blurOnSubmit={true}
        editable={true}
        keyboard="default"
        keyboardType="default"
        multiline={false}
        onBlur={[Function]}
        onChangeText={[Function]}
        onFocus={[Function]}
        placeholderTextColor="#707070"
        style={
          Array [
            Object {
              "backgroundColor": "transparent",
              "borderWidth": 0,
              "color": "#4a4a4a",
              "flex": 1,
              "fontFamily": undefined,
              "fontSize": 16,
              "fontWeight": "400",
              "minHeight": 42,
              "paddingHorizontal": 4,
              "paddingVertical": 7.5,
              "width": "100%",
            },
            false,
            undefined,
            undefined,
            undefined,
          ]
        }
        underlineColorAndroid="transparent"
        value=""
      />
    </View>
  </View>
  <View
    style={
      Array [
        Object {
          "backgroundColor": "#ffffff",
          "borderRadius": 3,
          "paddingHorizontal": 16,
          "position": "absolute",
          "width": "100%",
          "zIndex": 2,
        },
        Object {
          "top": 44,
        },
      ]
    }
  >
    <View
      accessible={true}
      onLayout={[Function]}
      onResponderGrant={[Function]}
      onResponderMove={[Function]}
      onResponderRelease={[Function]}
      onResponderTerminate={[Function]}
      onResponderTerminationRequest={[Function]}
      onStartShouldSetResponder={[Function]}
      pointerEvents="box-only"
      style={
        Array [
          undefined,
          Array [
            Object {
              "paddingVertical": 16,
            },
            Object {
              "borderBottomWidth": 1,
              "borderColor": "#cdd2d4",
            },
          ],
        ]
      }
    >
      <Text
        accessible={true}
        allowFontScaling={true}
        ellipsizeMode="tail"
        numberOfLines={1}
        style={
          Array [
            Object {
              "color": "#4a4a4a",
              "fontFamily": undefined,
              "fontWeight": "400",
              "textAlignVertical": "center",
            },
            Object {
              "fontFamily": undefined,
              "fontSize": 16,
              "fontWeight": "600",
              "lineHeight": 18,
            },
            false,
            Object {},
          ]
        }
      >
        Madrid
      </Text>
      <View
        style={
          Array [
            Object {
              "backgroundColor": "transparent",
              "borderRadius": 3,
              "bottom": 0,
              "left": 0,
              "overflow": "hidden",
              "position": "absolute",
              "right": 0,
              "top": 0,
            },
            undefined,
          ]
        }
      >
        <View
          style={
            Object {
              "backgroundColor": "#cdd2d4",
              "height": 0,
              "opacity": 0,
              "width": 0,
              "zIndex": 0,
            }
          }
        />
      </View>
    </View>
    <View
      accessible={true}
      onLayout={[Function]}
      onResponderGrant={[Function]}
      onResponderMove={[Function]}
      onResponderRelease={[Function]}
      onResponderTerminate={[Function]}
      onResponderTerminationRequest={[Function]}
      onStartShouldSetResponder={[Function]}
      pointerEvents="box-only"
      style={
        Array [
          undefined,
          Array [
            Object {
              "paddingVertical": 16,
            },
            false,
          ],
        ]
      }
    >
      <Text
        accessible={true}
        allowFontScaling={true}
        ellipsizeMode="tail"
        numberOfLines={1}
        style={
          Array [
            Object {
              "color": "#4a4a4a",
              "fontFamily": undefined,
              "fontWeight": "400",
              "textAlignVertical": "center",
            },
            Object {
              "fontFamily": undefined,
              "fontSize": 16,
              "fontWeight": "600",
              "lineHeight": 18,
            },
            false,
            Object {},
          ]
        }
      >
        Madrid Snowzone
      </Text>
      <View
        style={
          Array [
            Object {
              "backgroundColor": "transparent",
              "borderRadius": 3,
              "bottom": 0,
              "left": 0,
              "overflow": "hidden",
              "position": "absolute",
              "right": 0,
              "top": 0,
            },
            undefined,
          ]
        }
      >
        <View
          style={
            Object {
              "backgroundColor": "#cdd2d4",
              "height": 0,
              "opacity": 0,
              "width": 0,
              "zIndex": 0,
            }
          }
        />
      </View>
    </View>
  </View>
</View>
`;

exports[`<InputSearch> when {disabled} 1`] = `
<View
  style={
    Array [
      undefined,
      undefined,
    ]
  }
>
  <View
    style={
      Array [
        Object {
          "marginBottom": 24,
        },
        Object {
          "width": "100%",
        },
      ]
    }
  >
    <View
      style={
        Array [
          Object {
            "alignItems": "center",
            "backgroundColor": "#ffffff",
            "borderColor": "#cdd2d4",
            "borderRadius": 2.5,
            "borderWidth": 1,
            "display": "flex",
            "flexDirection": "row",
            "paddingHorizontal": 8,
          },
          Object {
            "backgroundColor": "#f4f4f4",
          },
          false,
          false,
          false,
        ]
      }
    >
      <View
        pointerEvents="none"
        style={
          Object {
            "alignItems": "center",
            "display": "flex",
            "flexDirection": "row",
            "justifyContent": "center",
            "paddingHorizontal": 4,
          }
        }
      >
        <Image
          resizeMode="contain"
          source={
            Object {
              "testUri": "../../../components/Icon/assets/search.png",
            }
          }
          style={
            Array [
              Object {
                "backgroundColor": "transparent",
                "height": 20,
                "width": 20,
              },
              Object {
                "alignSelf": "flex-start",
                "height": 18,
                "marginRight": 4,
                "width": 18,
              },
              undefined,
            ]
          }
        />
      </View>
      <TextInput
        allowFontScaling={true}
        autoCapitalize="none"
        autoCorrect={false}
        blurOnSubmit={true}
        editable={false}
        keyboard="default"
        keyboardType="default"
        multiline={false}
        onBlur={[Function]}
        onChangeText={[Function]}
        onFocus={[Function]}
        placeholderTextColor="#707070"
        style={
          Array [
            Object {
              "backgroundColor": "transparent",
              "borderWidth": 0,
              "color": "#4a4a4a",
              "flex": 1,
              "fontFamily": undefined,
              "fontSize": 16,
              "fontWeight": "400",
              "minHeight": 42,
              "paddingHorizontal": 4,
              "paddingVertical": 7.5,
              "width": "100%",
            },
            Object {
              "color": "#707070",
            },
            undefined,
            undefined,
            undefined,
          ]
        }
        underlineColorAndroid="transparent"
        value=""
      />
    </View>
  </View>
  <View
    style={
      Array [
        Object {
          "backgroundColor": "#ffffff",
          "borderRadius": 3,
          "paddingHorizontal": 16,
          "position": "absolute",
          "width": "100%",
          "zIndex": 2,
        },
        Object {
          "top": 44,
        },
      ]
    }
  />
</View>
`;

exports[`<InputSearch> when {hint} 1`] = `
<View
  style={
    Array [
      undefined,
      undefined,
    ]
  }
>
  <View
    style={
      Array [
        Object {
          "marginBottom": 24,
        },
        Object {
          "width": "100%",
        },
      ]
    }
  >
    <View
      style={
        Array [
          Object {
            "alignItems": "center",
            "backgroundColor": "#ffffff",
            "borderColor": "#cdd2d4",
            "borderRadius": 2.5,
            "borderWidth": 1,
            "display": "flex",
            "flexDirection": "row",
            "paddingHorizontal": 8,
          },
          false,
          false,
          false,
          undefined,
        ]
      }
    >
      <View
        pointerEvents="none"
        style={
          Object {
            "alignItems": "center",
            "display": "flex",
            "flexDirection": "row",
            "justifyContent": "center",
            "paddingHorizontal": 4,
          }
        }
      >
        <Image
          resizeMode="contain"
          source={
            Object {
              "testUri": "../../../components/Icon/assets/search.png",
            }
          }
          style={
            Array [
              Object {
                "backgroundColor": "transparent",
                "height": 20,
                "width": 20,
              },
              Object {
                "alignSelf": "flex-start",
                "height": 18,
                "marginRight": 4,
                "width": 18,
              },
              undefined,
            ]
          }
        />
      </View>
      <TextInput
        allowFontScaling={true}
        autoCapitalize="none"
        autoCorrect={false}
        blurOnSubmit={true}
        editable={true}
        keyboard="default"
        keyboardType="default"
        multiline={false}
        onBlur={[Function]}
        onChangeText={[Function]}
        onFocus={[Function]}
        placeholderTextColor="#707070"
        style={
          Array [
            Object {
              "backgroundColor": "transparent",
              "borderWidth": 0,
              "color": "#4a4a4a",
              "flex": 1,
              "fontFamily": undefined,
              "fontSize": 16,
              "fontWeight": "400",
              "minHeight": 42,
              "paddingHorizontal": 4,
              "paddingVertical": 7.5,
              "width": "100%",
            },
            false,
            undefined,
            undefined,
            undefined,
          ]
        }
        underlineColorAndroid="transparent"
        value=""
      />
    </View>
    <Text
      accessible={true}
      allowFontScaling={true}
      ellipsizeMode="tail"
      numberOfLines={2}
      style={
        Array [
          Object {
            "color": "#4a4a4a",
            "fontFamily": undefined,
            "fontWeight": "400",
            "textAlignVertical": "center",
          },
          Object {
            "fontSize": 12,
            "lineHeight": 16,
          },
          Object {
            "color": "#707070",
          },
          Object {
            "marginTop": 4,
            "maxWidth": "100%",
            "paddingLeft": 0,
          },
        ]
      }
    >
      Hello World
    </Text>
  </View>
  <View
    style={
      Array [
        Object {
          "backgroundColor": "#ffffff",
          "borderRadius": 3,
          "paddingHorizontal": 16,
          "position": "absolute",
          "width": "100%",
          "zIndex": 2,
        },
        Object {
          "top": 44,
        },
      ]
    }
  />
</View>
`;

exports[`<InputSearch> when {label} 1`] = `
<View
  style={
    Array [
      undefined,
      undefined,
    ]
  }
>
  <View
    style={
      Array [
        Object {
          "marginBottom": 24,
        },
        Object {
          "width": "100%",
        },
      ]
    }
  >
    <Text
      accessible={true}
      allowFontScaling={true}
      ellipsizeMode="tail"
      numberOfLines={2}
      style={
        Array [
          Object {
            "color": "#4a4a4a",
            "fontFamily": undefined,
            "fontWeight": "400",
            "textAlignVertical": "center",
          },
          Object {
            "fontFamily": undefined,
            "fontSize": 14,
            "fontWeight": "600",
            "lineHeight": 16,
          },
          Object {
            "color": "#707070",
          },
          Object {
            "color": "#4a4a4a",
            "marginBottom": 8,
          },
        ]
      }
    >
      Hello World
    </Text>
    <View
      style={
        Array [
          Object {
            "alignItems": "center",
            "backgroundColor": "#ffffff",
            "borderColor": "#cdd2d4",
            "borderRadius": 2.5,
            "borderWidth": 1,
            "display": "flex",
            "flexDirection": "row",
            "paddingHorizontal": 8,
          },
          false,
          false,
          false,
          undefined,
        ]
      }
    >
      <View
        pointerEvents="none"
        style={
          Object {
            "alignItems": "center",
            "display": "flex",
            "flexDirection": "row",
            "justifyContent": "center",
            "paddingHorizontal": 4,
          }
        }
      >
        <Image
          resizeMode="contain"
          source={
            Object {
              "testUri": "../../../components/Icon/assets/search.png",
            }
          }
          style={
            Array [
              Object {
                "backgroundColor": "transparent",
                "height": 20,
                "width": 20,
              },
              Object {
                "alignSelf": "flex-start",
                "height": 18,
                "marginRight": 4,
                "width": 18,
              },
              undefined,
            ]
          }
        />
      </View>
      <TextInput
        allowFontScaling={true}
        autoCapitalize="none"
        autoCorrect={false}
        blurOnSubmit={true}
        editable={true}
        keyboard="default"
        keyboardType="default"
        multiline={false}
        onBlur={[Function]}
        onChangeText={[Function]}
        onFocus={[Function]}
        placeholderTextColor="#707070"
        style={
          Array [
            Object {
              "backgroundColor": "transparent",
              "borderWidth": 0,
              "color": "#4a4a4a",
              "flex": 1,
              "fontFamily": undefined,
              "fontSize": 16,
              "fontWeight": "400",
              "minHeight": 42,
              "paddingHorizontal": 4,
              "paddingVertical": 7.5,
              "width": "100%",
            },
            false,
            undefined,
            undefined,
            undefined,
          ]
        }
        underlineColorAndroid="transparent"
        value=""
      />
    </View>
  </View>
  <View
    style={
      Array [
        Object {
          "backgroundColor": "#ffffff",
          "borderRadius": 3,
          "paddingHorizontal": 16,
          "position": "absolute",
          "width": "100%",
          "zIndex": 2,
        },
        Object {
          "top": 68,
        },
      ]
    }
  />
</View>
`;

exports[`<InputSearch> when {onChange} 1`] = `
<View
  style={
    Array [
      undefined,
      undefined,
    ]
  }
>
  <View
    style={
      Array [
        Object {
          "marginBottom": 24,
        },
        Object {
          "width": "100%",
        },
      ]
    }
  >
    <View
      style={
        Array [
          Object {
            "alignItems": "center",
            "backgroundColor": "#ffffff",
            "borderColor": "#cdd2d4",
            "borderRadius": 2.5,
            "borderWidth": 1,
            "display": "flex",
            "flexDirection": "row",
            "paddingHorizontal": 8,
          },
          false,
          false,
          false,
          undefined,
        ]
      }
    >
      <View
        pointerEvents="none"
        style={
          Object {
            "alignItems": "center",
            "display": "flex",
            "flexDirection": "row",
            "justifyContent": "center",
            "paddingHorizontal": 4,
          }
        }
      >
        <Image
          resizeMode="contain"
          source={
            Object {
              "testUri": "../../../components/Icon/assets/search.png",
            }
          }
          style={
            Array [
              Object {
                "backgroundColor": "transparent",
                "height": 20,
                "width": 20,
              },
              Object {
                "alignSelf": "flex-start",
                "height": 18,
                "marginRight": 4,
                "width": 18,
              },
              undefined,
            ]
          }
        />
      </View>
      <TextInput
        allowFontScaling={true}
        autoCapitalize="none"
        autoCorrect={false}
        blurOnSubmit={true}
        editable={true}
        keyboard="default"
        keyboardType="default"
        multiline={false}
        onBlur={[Function]}
        onChangeText={[Function]}
        onFocus={[Function]}
        placeholderTextColor="#707070"
        style={
          Array [
            Object {
              "backgroundColor": "transparent",
              "borderWidth": 0,
              "color": "#4a4a4a",
              "flex": 1,
              "fontFamily": undefined,
              "fontSize": 16,
              "fontWeight": "400",
              "minHeight": 42,
              "paddingHorizontal": 4,
              "paddingVertical": 7.5,
              "width": "100%",
            },
            false,
            undefined,
            undefined,
            undefined,
          ]
        }
        underlineColorAndroid="transparent"
        value=""
      />
    </View>
  </View>
  <View
    style={
      Array [
        Object {
          "backgroundColor": "#ffffff",
          "borderRadius": 3,
          "paddingHorizontal": 16,
          "position": "absolute",
          "width": "100%",
          "zIndex": 2,
        },
        Object {
          "top": 44,
        },
      ]
    }
  />
</View>
`;

exports[`<InputSearch> when {onClickItem} 1`] = `
<View
  style={
    Array [
      undefined,
      undefined,
    ]
  }
>
  <View
    style={
      Array [
        Object {
          "marginBottom": 24,
        },
        Object {
          "width": "100%",
        },
      ]
    }
  >
    <View
      style={
        Array [
          Object {
            "alignItems": "center",
            "backgroundColor": "#ffffff",
            "borderColor": "#cdd2d4",
            "borderRadius": 2.5,
            "borderWidth": 1,
            "display": "flex",
            "flexDirection": "row",
            "paddingHorizontal": 8,
          },
          false,
          false,
          false,
          undefined,
        ]
      }
    >
      <View
        pointerEvents="none"
        style={
          Object {
            "alignItems": "center",
            "display": "flex",
            "flexDirection": "row",
            "justifyContent": "center",
            "paddingHorizontal": 4,
          }
        }
      >
        <Image
          resizeMode="contain"
          source={
            Object {
              "testUri": "../../../components/Icon/assets/search.png",
            }
          }
          style={
            Array [
              Object {
                "backgroundColor": "transparent",
                "height": 20,
                "width": 20,
              },
              Object {
                "alignSelf": "flex-start",
                "height": 18,
                "marginRight": 4,
                "width": 18,
              },
              undefined,
            ]
          }
        />
      </View>
      <TextInput
        allowFontScaling={true}
        autoCapitalize="none"
        autoCorrect={false}
        blurOnSubmit={true}
        editable={true}
        keyboard="default"
        keyboardType="default"
        multiline={false}
        onBlur={[Function]}
        onChangeText={[Function]}
        onClickItem={[Function]}
        onFocus={[Function]}
        placeholderTextColor="#707070"
        style={
          Array [
            Object {
              "backgroundColor": "transparent",
              "borderWidth": 0,
              "color": "#4a4a4a",
              "flex": 1,
              "fontFamily": undefined,
              "fontSize": 16,
              "fontWeight": "400",
              "minHeight": 42,
              "paddingHorizontal": 4,
              "paddingVertical": 7.5,
              "width": "100%",
            },
            false,
            undefined,
            undefined,
            undefined,
          ]
        }
        underlineColorAndroid="transparent"
        value=""
      />
    </View>
  </View>
  <View
    style={
      Array [
        Object {
          "backgroundColor": "#ffffff",
          "borderRadius": 3,
          "paddingHorizontal": 16,
          "position": "absolute",
          "width": "100%",
          "zIndex": 2,
        },
        Object {
          "top": 44,
        },
      ]
    }
  />
</View>
`;

exports[`<InputSearch> when {placeholder} 1`] = `
<View
  style={
    Array [
      undefined,
      undefined,
    ]
  }
>
  <View
    style={
      Array [
        Object {
          "marginBottom": 24,
        },
        Object {
          "width": "100%",
        },
      ]
    }
  >
    <View
      style={
        Array [
          Object {
            "alignItems": "center",
            "backgroundColor": "#ffffff",
            "borderColor": "#cdd2d4",
            "borderRadius": 2.5,
            "borderWidth": 1,
            "display": "flex",
            "flexDirection": "row",
            "paddingHorizontal": 8,
          },
          false,
          false,
          false,
          undefined,
        ]
      }
    >
      <View
        pointerEvents="none"
        style={
          Object {
            "alignItems": "center",
            "display": "flex",
            "flexDirection": "row",
            "justifyContent": "center",
            "paddingHorizontal": 4,
          }
        }
      >
        <Image
          resizeMode="contain"
          source={
            Object {
              "testUri": "../../../components/Icon/assets/search.png",
            }
          }
          style={
            Array [
              Object {
                "backgroundColor": "transparent",
                "height": 20,
                "width": 20,
              },
              Object {
                "alignSelf": "flex-start",
                "height": 18,
                "marginRight": 4,
                "width": 18,
              },
              undefined,
            ]
          }
        />
      </View>
      <TextInput
        allowFontScaling={true}
        autoCapitalize="none"
        autoCorrect={false}
        blurOnSubmit={true}
        editable={true}
        keyboard="default"
        keyboardType="default"
        multiline={false}
        onBlur={[Function]}
        onChangeText={[Function]}
        onFocus={[Function]}
        placeholder="Hello World"
        placeholderTextColor="#707070"
        style={
          Array [
            Object {
              "backgroundColor": "transparent",
              "borderWidth": 0,
              "color": "#4a4a4a",
              "flex": 1,
              "fontFamily": undefined,
              "fontSize": 16,
              "fontWeight": "400",
              "minHeight": 42,
              "paddingHorizontal": 4,
              "paddingVertical": 7.5,
              "width": "100%",
            },
            false,
            undefined,
            undefined,
            undefined,
          ]
        }
        underlineColorAndroid="transparent"
        value=""
      />
    </View>
  </View>
  <View
    style={
      Array [
        Object {
          "backgroundColor": "#ffffff",
          "borderRadius": 3,
          "paddingHorizontal": 16,
          "position": "absolute",
          "width": "100%",
          "zIndex": 2,
        },
        Object {
          "top": 44,
        },
      ]
    }
  />
</View>
`;

exports[`<InputSearch> when {style} 1`] = `
<View
  style={
    Array [
      undefined,
      Object {
        "backgroundColor": "rgba(0,255,0,0.25)",
        "padding": 10,
      },
    ]
  }
>
  <View
    style={
      Array [
        Object {
          "marginBottom": 24,
        },
        Object {
          "width": "100%",
        },
      ]
    }
  >
    <View
      style={
        Array [
          Object {
            "alignItems": "center",
            "backgroundColor": "#ffffff",
            "borderColor": "#cdd2d4",
            "borderRadius": 2.5,
            "borderWidth": 1,
            "display": "flex",
            "flexDirection": "row",
            "paddingHorizontal": 8,
          },
          false,
          false,
          false,
          undefined,
        ]
      }
    >
      <View
        pointerEvents="none"
        style={
          Object {
            "alignItems": "center",
            "display": "flex",
            "flexDirection": "row",
            "justifyContent": "center",
            "paddingHorizontal": 4,
          }
        }
      >
        <Image
          resizeMode="contain"
          source={
            Object {
              "testUri": "../../../components/Icon/assets/search.png",
            }
          }
          style={
            Array [
              Object {
                "backgroundColor": "transparent",
                "height": 20,
                "width": 20,
              },
              Object {
                "alignSelf": "flex-start",
                "height": 18,
                "marginRight": 4,
                "width": 18,
              },
              undefined,
            ]
          }
        />
      </View>
      <TextInput
        allowFontScaling={true}
        autoCapitalize="none"
        autoCorrect={false}
        blurOnSubmit={true}
        editable={true}
        keyboard="default"
        keyboardType="default"
        multiline={false}
        onBlur={[Function]}
        onChangeText={[Function]}
        onFocus={[Function]}
        placeholderTextColor="#707070"
        style={
          Array [
            Object {
              "backgroundColor": "transparent",
              "borderWidth": 0,
              "color": "#4a4a4a",
              "flex": 1,
              "fontFamily": undefined,
              "fontSize": 16,
              "fontWeight": "400",
              "minHeight": 42,
              "paddingHorizontal": 4,
              "paddingVertical": 7.5,
              "width": "100%",
            },
            false,
            undefined,
            undefined,
            undefined,
          ]
        }
        underlineColorAndroid="transparent"
        value=""
      />
    </View>
  </View>
  <View
    style={
      Array [
        Object {
          "backgroundColor": "#ffffff",
          "borderRadius": 3,
          "paddingHorizontal": 16,
          "position": "absolute",
          "width": "100%",
          "zIndex": 2,
        },
        Object {
          "top": 44,
        },
      ]
    }
  />
</View>
`;

exports[`<InputSearch> when {value} 1`] = `
<View
  style={
    Array [
      undefined,
      undefined,
    ]
  }
>
  <View
    style={
      Array [
        Object {
          "marginBottom": 24,
        },
        Object {
          "width": "100%",
        },
      ]
    }
  >
    <View
      style={
        Array [
          Object {
            "alignItems": "center",
            "backgroundColor": "#ffffff",
            "borderColor": "#cdd2d4",
            "borderRadius": 2.5,
            "borderWidth": 1,
            "display": "flex",
            "flexDirection": "row",
            "paddingHorizontal": 8,
          },
          false,
          false,
          false,
          undefined,
        ]
      }
    >
      <View
        pointerEvents="none"
        style={
          Object {
            "alignItems": "center",
            "display": "flex",
            "flexDirection": "row",
            "justifyContent": "center",
            "paddingHorizontal": 4,
          }
        }
      >
        <Image
          resizeMode="contain"
          source={
            Object {
              "testUri": "../../../components/Icon/assets/search.png",
            }
          }
          style={
            Array [
              Object {
                "backgroundColor": "transparent",
                "height": 20,
                "width": 20,
              },
              Object {
                "alignSelf": "flex-start",
                "height": 18,
                "marginRight": 4,
                "width": 18,
              },
              undefined,
            ]
          }
        />
      </View>
      <TextInput
        allowFontScaling={true}
        autoCapitalize="none"
        autoCorrect={false}
        blurOnSubmit={true}
        editable={true}
        keyboard="default"
        keyboardType="default"
        multiline={false}
        onBlur={[Function]}
        onChangeText={[Function]}
        onFocus={[Function]}
        placeholderTextColor="#707070"
        style={
          Array [
            Object {
              "backgroundColor": "transparent",
              "borderWidth": 0,
              "color": "#4a4a4a",
              "flex": 1,
              "fontFamily": undefined,
              "fontSize": 16,
              "fontWeight": "400",
              "minHeight": 42,
              "paddingHorizontal": 4,
              "paddingVertical": 7.5,
              "width": "100%",
            },
            false,
            undefined,
            undefined,
            undefined,
          ]
        }
        underlineColorAndroid="transparent"
        value="Madrid"
      />
    </View>
  </View>
  <View
    style={
      Array [
        Object {
          "backgroundColor": "#ffffff",
          "borderRadius": 3,
          "paddingHorizontal": 16,
          "position": "absolute",
          "width": "100%",
          "zIndex": 2,
        },
        Object {
          "top": 44,
        },
      ]
    }
  />
</View>
`;
