// Jest Snapshot v1, https://goo.gl/fbAQLP

exports[`<ProviderL10N> renders 1`] = `null`;
