// Jest Snapshot v1, https://goo.gl/fbAQLP

exports[`<Button> renders 1`] = `
<View
  accessibilityComponentType={undefined}
  accessibilityLabel={undefined}
  accessibilityTraits={undefined}
  accessible={true}
  hasTVPreferredFocus={undefined}
  hitSlop={undefined}
  isTVSelectable={true}
  nativeID={undefined}
  onLayout={undefined}
  onResponderGrant={[Function]}
  onResponderMove={[Function]}
  onResponderRelease={[Function]}
  onResponderTerminate={[Function]}
  onResponderTerminationRequest={[Function]}
  onStartShouldSetResponder={[Function]}
  style={
    Object {
      "borderRadius": 3,
      "margin": 5,
    }
  }
  testID={undefined}
  tvParallaxProperties={undefined}
>
  <View
    style={
      Object {
        "alignContent": "center",
        "alignItems": "center",
        "backgroundColor": "#4a4a4a",
        "borderRadius": 3,
        "display": "flex",
        "flexDirection": "row",
        "height": 45,
        "justifyContent": "center",
        "paddingHorizontal": 30,
      }
    }
  />
</View>
`;

exports[`<Button> when {accent} 1`] = `
<View
  accessibilityComponentType={undefined}
  accessibilityLabel={undefined}
  accessibilityTraits={undefined}
  accessible={true}
  hasTVPreferredFocus={undefined}
  hitSlop={undefined}
  isTVSelectable={true}
  nativeID={undefined}
  onLayout={undefined}
  onResponderGrant={[Function]}
  onResponderMove={[Function]}
  onResponderRelease={[Function]}
  onResponderTerminate={[Function]}
  onResponderTerminationRequest={[Function]}
  onStartShouldSetResponder={[Function]}
  style={
    Object {
      "borderRadius": 3,
      "margin": 5,
    }
  }
  testID={undefined}
  tvParallaxProperties={undefined}
>
  <View
    style={
      Object {
        "alignContent": "center",
        "alignItems": "center",
        "backgroundColor": "#f69a37",
        "borderRadius": 3,
        "display": "flex",
        "flexDirection": "row",
        "height": 45,
        "justifyContent": "center",
        "paddingHorizontal": 30,
      }
    }
  >
    <Text
      accessible={true}
      allowFontScaling={true}
      ellipsizeMode="tail"
      numberOfLines={undefined}
      style={
        Array [
          Object {
            "color": "#4a4a4a",
            "fontFamily": undefined,
          },
          false,
          Object {
            "fontWeight": "600",
          },
          false,
          false,
          Object {
            "fontSize": 16,
            "lineHeight": 20.8,
          },
          false,
          false,
          false,
          false,
          false,
          false,
          false,
          false,
          Object {
            "color": "#ffffff",
            "fontSize": 14,
          },
        ]
      }
    >
      Press me
    </Text>
  </View>
</View>
`;

exports[`<Button> when {activity} 1`] = `
<View
  accessibilityComponentType={undefined}
  accessibilityLabel={undefined}
  accessibilityTraits={undefined}
  accessible={true}
  hasTVPreferredFocus={undefined}
  hitSlop={undefined}
  isTVSelectable={true}
  nativeID={undefined}
  onLayout={undefined}
  onResponderGrant={[Function]}
  onResponderMove={[Function]}
  onResponderRelease={[Function]}
  onResponderTerminate={[Function]}
  onResponderTerminationRequest={[Function]}
  onStartShouldSetResponder={[Function]}
  style={
    Object {
      "borderRadius": 3,
      "margin": 5,
    }
  }
  testID={undefined}
  tvParallaxProperties={undefined}
>
  <View
    style={
      Object {
        "alignContent": "center",
        "alignItems": "center",
        "backgroundColor": "#4a4a4a",
        "borderRadius": 3,
        "display": "flex",
        "flexDirection": "row",
        "height": 45,
        "justifyContent": "center",
        "paddingHorizontal": 30,
      }
    }
  >
    <ActivityIndicator
      animating={true}
      color="#ffffff"
      hidesWhenStopped={true}
      size="small"
      style={
        Object {
          "marginRight": 10,
        }
      }
      type="small"
    />
    <Text
      accessible={true}
      allowFontScaling={true}
      ellipsizeMode="tail"
      numberOfLines={undefined}
      style={
        Array [
          Object {
            "color": "#4a4a4a",
            "fontFamily": undefined,
          },
          false,
          Object {
            "fontWeight": "600",
          },
          false,
          false,
          Object {
            "fontSize": 16,
            "lineHeight": 20.8,
          },
          false,
          false,
          false,
          false,
          false,
          false,
          false,
          false,
          Object {
            "color": "#ffffff",
            "fontSize": 14,
          },
        ]
      }
    >
      Press me
    </Text>
  </View>
</View>
`;

exports[`<Button> when {children} 1`] = `
<View
  accessibilityComponentType={undefined}
  accessibilityLabel={undefined}
  accessibilityTraits={undefined}
  accessible={true}
  hasTVPreferredFocus={undefined}
  hitSlop={undefined}
  isTVSelectable={true}
  nativeID={undefined}
  onLayout={undefined}
  onResponderGrant={[Function]}
  onResponderMove={[Function]}
  onResponderRelease={[Function]}
  onResponderTerminate={[Function]}
  onResponderTerminationRequest={[Function]}
  onStartShouldSetResponder={[Function]}
  style={
    Object {
      "borderRadius": 3,
      "margin": 5,
    }
  }
  testID={undefined}
  tvParallaxProperties={undefined}
>
  <View
    style={
      Object {
        "alignContent": "center",
        "alignItems": "center",
        "backgroundColor": "#4a4a4a",
        "borderRadius": 3,
        "display": "flex",
        "flexDirection": "row",
        "height": 45,
        "justifyContent": "center",
        "paddingHorizontal": 30,
      }
    }
  >
    <View
      style={
        Object {
          "alignItems": "center",
          "display": "flex",
          "flexDirection": "row",
        }
      }
    >
      <Text
        accessible={true}
        allowFontScaling={true}
        ellipsizeMode="tail"
        numberOfLines={undefined}
        style={
          Array [
            Object {
              "color": "#4a4a4a",
              "fontFamily": undefined,
            },
            false,
            false,
            Object {
              "fontWeight": "bold",
            },
            false,
            Object {
              "fontSize": 16,
              "lineHeight": 20.8,
            },
            false,
            false,
            Object {
              "fontSize": 20,
              "lineHeight": 26,
            },
            false,
            false,
            false,
            false,
            false,
            Object {},
          ]
        }
      >
        10
      </Text>
      <Text
        accessible={true}
        allowFontScaling={true}
        ellipsizeMode="tail"
        numberOfLines={undefined}
        style={
          Array [
            Object {
              "color": "#4a4a4a",
              "fontFamily": undefined,
            },
            false,
            false,
            false,
            false,
            Object {
              "fontSize": 16,
              "lineHeight": 20.8,
            },
            false,
            false,
            Object {
              "fontSize": 20,
              "lineHeight": 26,
            },
            false,
            false,
            false,
            false,
            false,
            Object {
              "transform": Array [
                Object {
                  "scale": 0.8,
                },
              ],
            },
          ]
        }
      >
        â‚¬
      </Text>
    </View>
  </View>
</View>
`;

exports[`<Button> when {color} 1`] = `
<View
  accessibilityComponentType={undefined}
  accessibilityLabel={undefined}
  accessibilityTraits={undefined}
  accessible={true}
  hasTVPreferredFocus={undefined}
  hitSlop={undefined}
  isTVSelectable={true}
  nativeID={undefined}
  onLayout={undefined}
  onResponderGrant={[Function]}
  onResponderMove={[Function]}
  onResponderRelease={[Function]}
  onResponderTerminate={[Function]}
  onResponderTerminationRequest={[Function]}
  onStartShouldSetResponder={[Function]}
  style={
    Object {
      "borderRadius": 3,
      "margin": 5,
    }
  }
  testID={undefined}
  tvParallaxProperties={undefined}
>
  <View
    style={
      Object {
        "alignContent": "center",
        "alignItems": "center",
        "backgroundColor": "red",
        "borderRadius": 3,
        "display": "flex",
        "flexDirection": "row",
        "height": 45,
        "justifyContent": "center",
        "paddingHorizontal": 30,
      }
    }
  >
    <Text
      accessible={true}
      allowFontScaling={true}
      ellipsizeMode="tail"
      numberOfLines={undefined}
      style={
        Array [
          Object {
            "color": "#4a4a4a",
            "fontFamily": undefined,
          },
          false,
          Object {
            "fontWeight": "600",
          },
          false,
          false,
          Object {
            "fontSize": 16,
            "lineHeight": 20.8,
          },
          false,
          false,
          false,
          false,
          false,
          false,
          false,
          false,
          Object {
            "color": "#ffffff",
            "fontSize": 14,
          },
        ]
      }
    >
      Press me
    </Text>
  </View>
</View>
`;

exports[`<Button> when {disabled} 1`] = `
<View
  accessibilityComponentType={undefined}
  accessibilityLabel={undefined}
  accessibilityTraits={undefined}
  accessible={true}
  hasTVPreferredFocus={undefined}
  hitSlop={undefined}
  isTVSelectable={true}
  nativeID={undefined}
  onLayout={undefined}
  onResponderGrant={[Function]}
  onResponderMove={[Function]}
  onResponderRelease={[Function]}
  onResponderTerminate={[Function]}
  onResponderTerminationRequest={[Function]}
  onStartShouldSetResponder={[Function]}
  style={
    Object {
      "borderRadius": 3,
      "margin": 5,
    }
  }
  testID={undefined}
  tvParallaxProperties={undefined}
>
  <View
    style={
      Object {
        "alignContent": "center",
        "alignItems": "center",
        "backgroundColor": "#dbdbdb",
        "borderRadius": 3,
        "borderWidth": 0,
        "display": "flex",
        "flexDirection": "row",
        "height": 45,
        "justifyContent": "center",
        "paddingHorizontal": 30,
      }
    }
  >
    <Text
      accessible={true}
      allowFontScaling={true}
      ellipsizeMode="tail"
      numberOfLines={undefined}
      style={
        Array [
          Object {
            "color": "#4a4a4a",
            "fontFamily": undefined,
          },
          false,
          Object {
            "fontWeight": "600",
          },
          false,
          false,
          Object {
            "fontSize": 16,
            "lineHeight": 20.8,
          },
          false,
          false,
          false,
          false,
          false,
          false,
          false,
          false,
          Object {
            "color": "#ffffff",
            "fontSize": 14,
            "opacity": 0.75,
          },
        ]
      }
    >
      Press me
    </Text>
  </View>
</View>
`;

exports[`<Button> when {flat} 1`] = `
<View
  accessibilityComponentType={undefined}
  accessibilityLabel={undefined}
  accessibilityTraits={undefined}
  accessible={true}
  hasTVPreferredFocus={undefined}
  hitSlop={undefined}
  isTVSelectable={true}
  nativeID={undefined}
  onLayout={undefined}
  onResponderGrant={[Function]}
  onResponderMove={[Function]}
  onResponderRelease={[Function]}
  onResponderTerminate={[Function]}
  onResponderTerminationRequest={[Function]}
  onStartShouldSetResponder={[Function]}
  style={
    Object {
      "borderRadius": 3,
      "margin": 5,
    }
  }
  testID={undefined}
  tvParallaxProperties={undefined}
>
  <View
    style={
      Object {
        "alignContent": "center",
        "alignItems": "center",
        "backgroundColor": "#ffffff",
        "borderColor": "#dbdbdb",
        "borderRadius": 3,
        "borderWidth": 1,
        "display": "flex",
        "flexDirection": "row",
        "height": 45,
        "justifyContent": "center",
        "paddingHorizontal": 30,
      }
    }
  >
    <Text
      accessible={true}
      allowFontScaling={true}
      ellipsizeMode="tail"
      numberOfLines={undefined}
      style={
        Array [
          Object {
            "color": "#4a4a4a",
            "fontFamily": undefined,
          },
          false,
          Object {
            "fontWeight": "600",
          },
          false,
          false,
          Object {
            "fontSize": 16,
            "lineHeight": 20.8,
          },
          false,
          false,
          false,
          false,
          false,
          false,
          false,
          false,
          Object {
            "color": "#9b9b9b",
            "fontSize": 14,
          },
        ]
      }
    >
      Press me
    </Text>
  </View>
</View>
`;

exports[`<Button> when {icon} & {title} 1`] = `
<View
  accessibilityComponentType={undefined}
  accessibilityLabel={undefined}
  accessibilityTraits={undefined}
  accessible={true}
  hasTVPreferredFocus={undefined}
  hitSlop={undefined}
  isTVSelectable={true}
  nativeID={undefined}
  onLayout={undefined}
  onResponderGrant={[Function]}
  onResponderMove={[Function]}
  onResponderRelease={[Function]}
  onResponderTerminate={[Function]}
  onResponderTerminationRequest={[Function]}
  onStartShouldSetResponder={[Function]}
  style={
    Object {
      "borderRadius": 3,
      "margin": 5,
    }
  }
  testID={undefined}
  tvParallaxProperties={undefined}
>
  <View
    style={
      Object {
        "alignContent": "center",
        "alignItems": "center",
        "backgroundColor": "#4a4a4a",
        "borderRadius": 3,
        "display": "flex",
        "flexDirection": "row",
        "height": 45,
        "justifyContent": "center",
        "paddingHorizontal": 30,
      }
    }
  >
    <Image
      resizeMode="contain"
      source={
        Object {
          "testUri": "../../../components/Icon/assets/apps.png",
        }
      }
      style={
        Object {
          "backgroundColor": "transparent",
          "height": 16,
          "marginRight": 10,
          "width": 16,
        }
      }
    />
    <Text
      accessible={true}
      allowFontScaling={true}
      ellipsizeMode="tail"
      numberOfLines={undefined}
      style={
        Array [
          Object {
            "color": "#4a4a4a",
            "fontFamily": undefined,
          },
          false,
          Object {
            "fontWeight": "600",
          },
          false,
          false,
          Object {
            "fontSize": 16,
            "lineHeight": 20.8,
          },
          false,
          false,
          false,
          false,
          false,
          false,
          false,
          false,
          Object {
            "color": "#ffffff",
            "fontSize": 14,
          },
        ]
      }
    >
      Press me
    </Text>
  </View>
</View>
`;

exports[`<Button> when {icon} 1`] = `
<View
  accessibilityComponentType={undefined}
  accessibilityLabel={undefined}
  accessibilityTraits={undefined}
  accessible={true}
  hasTVPreferredFocus={undefined}
  hitSlop={undefined}
  isTVSelectable={true}
  nativeID={undefined}
  onLayout={undefined}
  onResponderGrant={[Function]}
  onResponderMove={[Function]}
  onResponderRelease={[Function]}
  onResponderTerminate={[Function]}
  onResponderTerminationRequest={[Function]}
  onStartShouldSetResponder={[Function]}
  style={
    Object {
      "borderRadius": 30,
      "height": 60,
      "margin": 5,
      "paddingHorizontal": 0,
      "width": 60,
    }
  }
  testID={undefined}
  tvParallaxProperties={undefined}
>
  <View
    style={
      Object {
        "alignContent": "center",
        "alignItems": "center",
        "backgroundColor": "#4a4a4a",
        "borderRadius": 30,
        "display": "flex",
        "flexDirection": "row",
        "height": 60,
        "justifyContent": "center",
        "paddingHorizontal": 0,
        "width": 60,
      }
    }
  >
    <Image
      resizeMode="contain"
      source={
        Object {
          "testUri": "../../../components/Icon/assets/apps.png",
        }
      }
      style={
        Object {
          "backgroundColor": "transparent",
          "height": 20,
          "width": 20,
        }
      }
    />
  </View>
</View>
`;

exports[`<Button> when {responsive} 1`] = `
<View
  accessibilityComponentType={undefined}
  accessibilityLabel={undefined}
  accessibilityTraits={undefined}
  accessible={true}
  hasTVPreferredFocus={undefined}
  hitSlop={undefined}
  isTVSelectable={true}
  nativeID={undefined}
  onLayout={undefined}
  onResponderGrant={[Function]}
  onResponderMove={[Function]}
  onResponderRelease={[Function]}
  onResponderTerminate={[Function]}
  onResponderTerminationRequest={[Function]}
  onStartShouldSetResponder={[Function]}
  style={
    Object {
      "borderRadius": 3,
      "margin": 5,
    }
  }
  testID={undefined}
  tvParallaxProperties={undefined}
>
  <View
    style={
      Object {
        "alignContent": "center",
        "alignItems": "center",
        "backgroundColor": "#4a4a4a",
        "borderRadius": 3,
        "display": "flex",
        "flexDirection": "row",
        "height": 45,
        "justifyContent": "center",
        "paddingHorizontal": 30,
      }
    }
  >
    <Text
      accessible={true}
      allowFontScaling={true}
      ellipsizeMode="tail"
      numberOfLines={undefined}
      style={
        Array [
          Object {
            "color": "#4a4a4a",
            "fontFamily": undefined,
          },
          false,
          Object {
            "fontWeight": "600",
          },
          false,
          false,
          Object {
            "fontSize": 16,
            "lineHeight": 20.8,
          },
          false,
          false,
          false,
          false,
          false,
          false,
          false,
          false,
          Object {
            "color": "#ffffff",
            "fontSize": 14,
            "lineHeight": 16.8,
          },
        ]
      }
    >
      Press me
    </Text>
  </View>
</View>
`;

exports[`<Button> when {rounded} 1`] = `
<View
  accessibilityComponentType={undefined}
  accessibilityLabel={undefined}
  accessibilityTraits={undefined}
  accessible={true}
  hasTVPreferredFocus={undefined}
  hitSlop={undefined}
  isTVSelectable={true}
  nativeID={undefined}
  onLayout={undefined}
  onResponderGrant={[Function]}
  onResponderMove={[Function]}
  onResponderRelease={[Function]}
  onResponderTerminate={[Function]}
  onResponderTerminationRequest={[Function]}
  onStartShouldSetResponder={[Function]}
  style={
    Object {
      "borderRadius": 22.5,
      "margin": 5,
    }
  }
  testID={undefined}
  tvParallaxProperties={undefined}
>
  <View
    style={
      Object {
        "alignContent": "center",
        "alignItems": "center",
        "backgroundColor": "#4a4a4a",
        "borderRadius": 22.5,
        "display": "flex",
        "flexDirection": "row",
        "height": 45,
        "justifyContent": "center",
        "paddingHorizontal": 30,
      }
    }
  >
    <Text
      accessible={true}
      allowFontScaling={true}
      ellipsizeMode="tail"
      numberOfLines={undefined}
      style={
        Array [
          Object {
            "color": "#4a4a4a",
            "fontFamily": undefined,
          },
          false,
          Object {
            "fontWeight": "600",
          },
          false,
          false,
          Object {
            "fontSize": 16,
            "lineHeight": 20.8,
          },
          false,
          false,
          false,
          false,
          false,
          false,
          false,
          false,
          Object {
            "color": "#ffffff",
            "fontSize": 14,
          },
        ]
      }
    >
      Press me
    </Text>
  </View>
</View>
`;

exports[`<Button> when {small} 1`] = `
<View
  accessibilityComponentType={undefined}
  accessibilityLabel={undefined}
  accessibilityTraits={undefined}
  accessible={true}
  hasTVPreferredFocus={undefined}
  hitSlop={undefined}
  isTVSelectable={true}
  nativeID={undefined}
  onLayout={undefined}
  onResponderGrant={[Function]}
  onResponderMove={[Function]}
  onResponderRelease={[Function]}
  onResponderTerminate={[Function]}
  onResponderTerminationRequest={[Function]}
  onStartShouldSetResponder={[Function]}
  style={
    Object {
      "borderRadius": 3,
      "margin": 5,
    }
  }
  testID={undefined}
  tvParallaxProperties={undefined}
>
  <View
    style={
      Object {
        "alignContent": "center",
        "alignItems": "center",
        "backgroundColor": "#4a4a4a",
        "borderRadius": 3,
        "display": "flex",
        "flexDirection": "row",
        "height": 30,
        "justifyContent": "center",
        "paddingHorizontal": 10,
      }
    }
  >
    <Text
      accessible={true}
      allowFontScaling={true}
      ellipsizeMode="tail"
      numberOfLines={undefined}
      style={
        Array [
          Object {
            "color": "#4a4a4a",
            "fontFamily": undefined,
          },
          false,
          Object {
            "fontWeight": "600",
          },
          false,
          false,
          Object {
            "fontSize": 16,
            "lineHeight": 20.8,
          },
          false,
          false,
          false,
          false,
          false,
          false,
          false,
          false,
          Object {
            "color": "#ffffff",
            "fontSize": 12,
          },
        ]
      }
    >
      Press me
    </Text>
  </View>
</View>
`;

exports[`<Button> when {style} 1`] = `
<View
  accessibilityComponentType={undefined}
  accessibilityLabel={undefined}
  accessibilityTraits={undefined}
  accessible={true}
  hasTVPreferredFocus={undefined}
  hitSlop={undefined}
  isTVSelectable={true}
  nativeID={undefined}
  onLayout={undefined}
  onResponderGrant={[Function]}
  onResponderMove={[Function]}
  onResponderRelease={[Function]}
  onResponderTerminate={[Function]}
  onResponderTerminationRequest={[Function]}
  onStartShouldSetResponder={[Function]}
  style={
    Object {
      "borderRadius": 3,
      "margin": 5,
    }
  }
  testID={undefined}
  tvParallaxProperties={undefined}
>
  <View
    style={
      Object {
        "alignContent": "center",
        "alignItems": "center",
        "backgroundColor": "orange",
        "borderRadius": 3,
        "display": "flex",
        "flexDirection": "row",
        "height": 45,
        "justifyContent": "center",
        "paddingHorizontal": 30,
      }
    }
  >
    <Text
      accessible={true}
      allowFontScaling={true}
      ellipsizeMode="tail"
      numberOfLines={undefined}
      style={
        Array [
          Object {
            "color": "#4a4a4a",
            "fontFamily": undefined,
          },
          false,
          Object {
            "fontWeight": "600",
          },
          false,
          false,
          Object {
            "fontSize": 16,
            "lineHeight": 20.8,
          },
          false,
          false,
          false,
          false,
          false,
          false,
          false,
          false,
          Object {
            "color": "#ffffff",
            "fontSize": 14,
          },
        ]
      }
    >
      Press me
    </Text>
  </View>
</View>
`;

exports[`<Button> when {title} 1`] = `
<View
  accessibilityComponentType={undefined}
  accessibilityLabel={undefined}
  accessibilityTraits={undefined}
  accessible={true}
  hasTVPreferredFocus={undefined}
  hitSlop={undefined}
  isTVSelectable={true}
  nativeID={undefined}
  onLayout={undefined}
  onResponderGrant={[Function]}
  onResponderMove={[Function]}
  onResponderRelease={[Function]}
  onResponderTerminate={[Function]}
  onResponderTerminationRequest={[Function]}
  onStartShouldSetResponder={[Function]}
  style={
    Object {
      "borderRadius": 3,
      "margin": 5,
    }
  }
  testID={undefined}
  tvParallaxProperties={undefined}
>
  <View
    style={
      Object {
        "alignContent": "center",
        "alignItems": "center",
        "backgroundColor": "#4a4a4a",
        "borderRadius": 3,
        "display": "flex",
        "flexDirection": "row",
        "height": 45,
        "justifyContent": "center",
        "paddingHorizontal": 30,
      }
    }
  >
    <Text
      accessible={true}
      allowFontScaling={true}
      ellipsizeMode="tail"
      numberOfLines={undefined}
      style={
        Array [
          Object {
            "color": "#4a4a4a",
            "fontFamily": undefined,
          },
          false,
          Object {
            "fontWeight": "600",
          },
          false,
          false,
          Object {
            "fontSize": 16,
            "lineHeight": 20.8,
          },
          false,
          false,
          false,
          false,
          false,
          false,
          false,
          false,
          Object {
            "color": "#ffffff",
            "fontSize": 14,
          },
        ]
      }
    >
      Press me
    </Text>
  </View>
</View>
`;
