// Jest Snapshot v1, https://goo.gl/fbAQLP

exports[`<Motion> renders 1`] = `
<View
  collapsable={undefined}
  style={Object {}}
/>
`;

exports[`<Motion> when {children} 1`] = `
<View
  collapsable={undefined}
  style={
    Object {
      "left": 0,
    }
  }
>
  <View />
</View>
`;

exports[`<Motion> when {delay} 1`] = `
<View
  collapsable={undefined}
  style={
    Object {
      "left": 0,
    }
  }
/>
`;

exports[`<Motion> when {disabled} 1`] = `
<View
  collapsable={undefined}
  style={Object {}}
/>
`;

exports[`<Motion> when {property} 1`] = `
<View
  collapsable={undefined}
  style={
    Object {
      "left": 0,
    }
  }
/>
`;

exports[`<Motion> when {type} 1`] = `
<View
  collapsable={undefined}
  style={
    Object {
      "left": 0,
    }
  }
/>
`;

exports[`<Motion> when {useNativeDriver} 1`] = `
<View
  style={
    Object {
      "left": 0,
      "transitionDelay": "0ms",
      "transitionDuration": "500ms",
      "transitionProperty": "left",
      "transitionTimingFunction": "cubic-bezier(0.175, 0.885, 0.160, 1.105)",
    }
  }
/>
`;

exports[`<Motion> when {value} 1`] = `
<View
  collapsable={undefined}
  style={
    Object {
      "left": 128,
    }
  }
/>
`;
