// Jest Snapshot v1, https://goo.gl/fbAQLP

exports[`<Rating> renders 1`] = `
<View
  style={
    Object {
      "alignItems": "center",
      "display": "flex",
      "flexDirection": "row",
    }
  }
>
  <Text
    accessible={true}
    allowFontScaling={true}
    ellipsizeMode="tail"
    style={
      Array [
        Object {
          "color": "#4a4a4a",
          "fontFamily": undefined,
          "fontWeight": "400",
          "textAlignVertical": "center",
        },
        Object {
          "fontSize": 16,
          "lineHeight": 30,
        },
        false,
        Object {
          "marginRight": 2.5,
        },
      ]
    }
  >
    ☆
  </Text>
  <Text
    accessible={true}
    allowFontScaling={true}
    ellipsizeMode="tail"
    style={
      Array [
        Object {
          "color": "#4a4a4a",
          "fontFamily": undefined,
          "fontWeight": "400",
          "textAlignVertical": "center",
        },
        Object {
          "fontSize": 16,
          "lineHeight": 30,
        },
        false,
        Object {
          "marginRight": 2.5,
        },
      ]
    }
  >
    ☆
  </Text>
  <Text
    accessible={true}
    allowFontScaling={true}
    ellipsizeMode="tail"
    style={
      Array [
        Object {
          "color": "#4a4a4a",
          "fontFamily": undefined,
          "fontWeight": "400",
          "textAlignVertical": "center",
        },
        Object {
          "fontSize": 16,
          "lineHeight": 30,
        },
        false,
        Object {
          "marginRight": 2.5,
        },
      ]
    }
  >
    ☆
  </Text>
  <Text
    accessible={true}
    allowFontScaling={true}
    ellipsizeMode="tail"
    style={
      Array [
        Object {
          "color": "#4a4a4a",
          "fontFamily": undefined,
          "fontWeight": "400",
          "textAlignVertical": "center",
        },
        Object {
          "fontSize": 16,
          "lineHeight": 30,
        },
        false,
        Object {
          "marginRight": 2.5,
        },
      ]
    }
  >
    ☆
  </Text>
  <Text
    accessible={true}
    allowFontScaling={true}
    ellipsizeMode="tail"
    style={
      Array [
        Object {
          "color": "#4a4a4a",
          "fontFamily": undefined,
          "fontWeight": "400",
          "textAlignVertical": "center",
        },
        Object {
          "fontSize": 16,
          "lineHeight": 30,
        },
        false,
        Object {
          "marginRight": 2.5,
        },
      ]
    }
  >
    ☆
  </Text>
</View>
`;

exports[`<Rating> when {caption} 1`] = `
<View
  style={
    Object {
      "alignItems": "center",
      "display": "flex",
      "flexDirection": "row",
    }
  }
>
  <Text
    accessible={true}
    allowFontScaling={true}
    ellipsizeMode="tail"
    style={
      Array [
        Object {
          "color": "#4a4a4a",
          "fontFamily": undefined,
          "fontWeight": "400",
          "textAlignVertical": "center",
        },
        Object {
          "fontSize": 16,
          "lineHeight": 30,
        },
        false,
        Object {
          "marginRight": 2.5,
        },
      ]
    }
  >
    ☆
  </Text>
  <Text
    accessible={true}
    allowFontScaling={true}
    ellipsizeMode="tail"
    style={
      Array [
        Object {
          "color": "#4a4a4a",
          "fontFamily": undefined,
          "fontWeight": "400",
          "textAlignVertical": "center",
        },
        Object {
          "fontSize": 16,
          "lineHeight": 30,
        },
        false,
        Object {
          "marginRight": 2.5,
        },
      ]
    }
  >
    ☆
  </Text>
  <Text
    accessible={true}
    allowFontScaling={true}
    ellipsizeMode="tail"
    style={
      Array [
        Object {
          "color": "#4a4a4a",
          "fontFamily": undefined,
          "fontWeight": "400",
          "textAlignVertical": "center",
        },
        Object {
          "fontSize": 16,
          "lineHeight": 30,
        },
        false,
        Object {
          "marginRight": 2.5,
        },
      ]
    }
  >
    ☆
  </Text>
  <Text
    accessible={true}
    allowFontScaling={true}
    ellipsizeMode="tail"
    style={
      Array [
        Object {
          "color": "#4a4a4a",
          "fontFamily": undefined,
          "fontWeight": "400",
          "textAlignVertical": "center",
        },
        Object {
          "fontSize": 16,
          "lineHeight": 30,
        },
        false,
        Object {
          "marginRight": 2.5,
        },
      ]
    }
  >
    ☆
  </Text>
  <Text
    accessible={true}
    allowFontScaling={true}
    ellipsizeMode="tail"
    style={
      Array [
        Object {
          "color": "#4a4a4a",
          "fontFamily": undefined,
          "fontWeight": "400",
          "textAlignVertical": "center",
        },
        Object {
          "fontSize": 16,
          "lineHeight": 30,
        },
        false,
        Object {
          "marginRight": 2.5,
        },
      ]
    }
  >
    ☆
  </Text>
</View>
`;

exports[`<Rating> when {color} 1`] = `
<View
  style={
    Object {
      "alignItems": "center",
      "display": "flex",
      "flexDirection": "row",
    }
  }
>
  <Text
    accessible={true}
    allowFontScaling={true}
    ellipsizeMode="tail"
    style={
      Array [
        Object {
          "color": "#4a4a4a",
          "fontFamily": undefined,
          "fontWeight": "400",
          "textAlignVertical": "center",
        },
        Object {
          "fontSize": 16,
          "lineHeight": 30,
        },
        false,
        Object {
          "color": "#424242",
          "marginRight": 2.5,
        },
      ]
    }
  >
    ★
  </Text>
  <Text
    accessible={true}
    allowFontScaling={true}
    ellipsizeMode="tail"
    style={
      Array [
        Object {
          "color": "#4a4a4a",
          "fontFamily": undefined,
          "fontWeight": "400",
          "textAlignVertical": "center",
        },
        Object {
          "fontSize": 16,
          "lineHeight": 30,
        },
        false,
        Object {
          "color": "#424242",
          "marginRight": 2.5,
        },
      ]
    }
  >
    ★
  </Text>
  <Text
    accessible={true}
    allowFontScaling={true}
    ellipsizeMode="tail"
    style={
      Array [
        Object {
          "color": "#4a4a4a",
          "fontFamily": undefined,
          "fontWeight": "400",
          "textAlignVertical": "center",
        },
        Object {
          "fontSize": 16,
          "lineHeight": 30,
        },
        false,
        Object {
          "color": "#424242",
          "marginRight": 2.5,
        },
      ]
    }
  >
    ★
  </Text>
  <Text
    accessible={true}
    allowFontScaling={true}
    ellipsizeMode="tail"
    style={
      Array [
        Object {
          "color": "#4a4a4a",
          "fontFamily": undefined,
          "fontWeight": "400",
          "textAlignVertical": "center",
        },
        Object {
          "fontSize": 16,
          "lineHeight": 30,
        },
        false,
        Object {
          "color": "#424242",
          "marginRight": 2.5,
        },
      ]
    }
  >
    ☆
  </Text>
  <Text
    accessible={true}
    allowFontScaling={true}
    ellipsizeMode="tail"
    style={
      Array [
        Object {
          "color": "#4a4a4a",
          "fontFamily": undefined,
          "fontWeight": "400",
          "textAlignVertical": "center",
        },
        Object {
          "fontSize": 16,
          "lineHeight": 30,
        },
        false,
        Object {
          "color": "#424242",
          "marginRight": 2.5,
        },
      ]
    }
  >
    ☆
  </Text>
  <Text
    accessible={true}
    allowFontScaling={true}
    ellipsizeMode="tail"
    style={
      Array [
        Object {
          "color": "#4a4a4a",
          "fontFamily": undefined,
          "fontWeight": "400",
          "textAlignVertical": "center",
        },
        Object {
          "fontSize": 14,
          "lineHeight": 18,
        },
        false,
        Object {},
      ]
    }
  >
     3.5/5
  </Text>
</View>
`;

exports[`<Rating> when {count} 1`] = `
<View
  style={
    Object {
      "alignItems": "center",
      "display": "flex",
      "flexDirection": "row",
    }
  }
>
  <Text
    accessible={true}
    allowFontScaling={true}
    ellipsizeMode="tail"
    style={
      Array [
        Object {
          "color": "#4a4a4a",
          "fontFamily": undefined,
          "fontWeight": "400",
          "textAlignVertical": "center",
        },
        Object {
          "fontSize": 16,
          "lineHeight": 30,
        },
        false,
        Object {
          "marginRight": 2.5,
        },
      ]
    }
  >
    ☆
  </Text>
  <Text
    accessible={true}
    allowFontScaling={true}
    ellipsizeMode="tail"
    style={
      Array [
        Object {
          "color": "#4a4a4a",
          "fontFamily": undefined,
          "fontWeight": "400",
          "textAlignVertical": "center",
        },
        Object {
          "fontSize": 16,
          "lineHeight": 30,
        },
        false,
        Object {
          "marginRight": 2.5,
        },
      ]
    }
  >
    ☆
  </Text>
  <Text
    accessible={true}
    allowFontScaling={true}
    ellipsizeMode="tail"
    style={
      Array [
        Object {
          "color": "#4a4a4a",
          "fontFamily": undefined,
          "fontWeight": "400",
          "textAlignVertical": "center",
        },
        Object {
          "fontSize": 16,
          "lineHeight": 30,
        },
        false,
        Object {
          "marginRight": 2.5,
        },
      ]
    }
  >
    ☆
  </Text>
  <Text
    accessible={true}
    allowFontScaling={true}
    ellipsizeMode="tail"
    style={
      Array [
        Object {
          "color": "#4a4a4a",
          "fontFamily": undefined,
          "fontWeight": "400",
          "textAlignVertical": "center",
        },
        Object {
          "fontSize": 16,
          "lineHeight": 30,
        },
        false,
        Object {
          "marginRight": 2.5,
        },
      ]
    }
  >
    ☆
  </Text>
  <Text
    accessible={true}
    allowFontScaling={true}
    ellipsizeMode="tail"
    style={
      Array [
        Object {
          "color": "#4a4a4a",
          "fontFamily": undefined,
          "fontWeight": "400",
          "textAlignVertical": "center",
        },
        Object {
          "fontSize": 16,
          "lineHeight": 30,
        },
        false,
        Object {
          "marginRight": 2.5,
        },
      ]
    }
  >
    ☆
  </Text>
  <Text
    accessible={true}
    allowFontScaling={true}
    ellipsizeMode="tail"
    style={
      Array [
        Object {
          "color": "#4a4a4a",
          "fontFamily": undefined,
          "fontWeight": "400",
          "textAlignVertical": "center",
        },
        Object {
          "fontSize": 14,
          "lineHeight": 18,
        },
        false,
        Object {},
      ]
    }
  >
     (32)
  </Text>
</View>
`;

exports[`<Rating> when {showValue} 1`] = `
<View
  style={
    Object {
      "alignItems": "center",
      "display": "flex",
      "flexDirection": "row",
    }
  }
>
  <Text
    accessible={true}
    allowFontScaling={true}
    ellipsizeMode="tail"
    style={
      Array [
        Object {
          "color": "#4a4a4a",
          "fontFamily": undefined,
          "fontWeight": "400",
          "textAlignVertical": "center",
        },
        Object {
          "fontSize": 16,
          "lineHeight": 30,
        },
        false,
        Object {
          "marginRight": 2.5,
        },
      ]
    }
  >
    ★
  </Text>
  <Text
    accessible={true}
    allowFontScaling={true}
    ellipsizeMode="tail"
    style={
      Array [
        Object {
          "color": "#4a4a4a",
          "fontFamily": undefined,
          "fontWeight": "400",
          "textAlignVertical": "center",
        },
        Object {
          "fontSize": 16,
          "lineHeight": 30,
        },
        false,
        Object {
          "marginRight": 2.5,
        },
      ]
    }
  >
    ★
  </Text>
  <Text
    accessible={true}
    allowFontScaling={true}
    ellipsizeMode="tail"
    style={
      Array [
        Object {
          "color": "#4a4a4a",
          "fontFamily": undefined,
          "fontWeight": "400",
          "textAlignVertical": "center",
        },
        Object {
          "fontSize": 16,
          "lineHeight": 30,
        },
        false,
        Object {
          "marginRight": 2.5,
        },
      ]
    }
  >
    ★
  </Text>
  <Text
    accessible={true}
    allowFontScaling={true}
    ellipsizeMode="tail"
    style={
      Array [
        Object {
          "color": "#4a4a4a",
          "fontFamily": undefined,
          "fontWeight": "400",
          "textAlignVertical": "center",
        },
        Object {
          "fontSize": 16,
          "lineHeight": 30,
        },
        false,
        Object {
          "marginRight": 2.5,
        },
      ]
    }
  >
    ☆
  </Text>
  <Text
    accessible={true}
    allowFontScaling={true}
    ellipsizeMode="tail"
    style={
      Array [
        Object {
          "color": "#4a4a4a",
          "fontFamily": undefined,
          "fontWeight": "400",
          "textAlignVertical": "center",
        },
        Object {
          "fontSize": 16,
          "lineHeight": 30,
        },
        false,
        Object {
          "marginRight": 2.5,
        },
      ]
    }
  >
    ☆
  </Text>
  <Text
    accessible={true}
    allowFontScaling={true}
    ellipsizeMode="tail"
    style={
      Array [
        Object {
          "color": "#4a4a4a",
          "fontFamily": undefined,
          "fontWeight": "400",
          "textAlignVertical": "center",
        },
        Object {
          "fontSize": 14,
          "lineHeight": 18,
        },
        false,
        Object {},
      ]
    }
  >
     3.5/5
  </Text>
</View>
`;

exports[`<Rating> when {style} 1`] = `
<View
  style={
    Object {
      "alignItems": "center",
      "display": "flex",
      "flexDirection": "row",
    }
  }
>
  <Text
    accessible={true}
    allowFontScaling={true}
    ellipsizeMode="tail"
    style={
      Array [
        Object {
          "color": "#4a4a4a",
          "fontFamily": undefined,
          "fontWeight": "400",
          "textAlignVertical": "center",
        },
        Object {
          "fontSize": 16,
          "lineHeight": 30,
        },
        false,
        Object {
          "color": "orange",
          "fontSize": 20,
          "lineHeight": 20,
          "marginRight": 2.5,
        },
      ]
    }
  >
    ★
  </Text>
  <Text
    accessible={true}
    allowFontScaling={true}
    ellipsizeMode="tail"
    style={
      Array [
        Object {
          "color": "#4a4a4a",
          "fontFamily": undefined,
          "fontWeight": "400",
          "textAlignVertical": "center",
        },
        Object {
          "fontSize": 16,
          "lineHeight": 30,
        },
        false,
        Object {
          "color": "orange",
          "fontSize": 20,
          "lineHeight": 20,
          "marginRight": 2.5,
        },
      ]
    }
  >
    ★
  </Text>
  <Text
    accessible={true}
    allowFontScaling={true}
    ellipsizeMode="tail"
    style={
      Array [
        Object {
          "color": "#4a4a4a",
          "fontFamily": undefined,
          "fontWeight": "400",
          "textAlignVertical": "center",
        },
        Object {
          "fontSize": 16,
          "lineHeight": 30,
        },
        false,
        Object {
          "color": "orange",
          "fontSize": 20,
          "lineHeight": 20,
          "marginRight": 2.5,
        },
      ]
    }
  >
    ★
  </Text>
  <Text
    accessible={true}
    allowFontScaling={true}
    ellipsizeMode="tail"
    style={
      Array [
        Object {
          "color": "#4a4a4a",
          "fontFamily": undefined,
          "fontWeight": "400",
          "textAlignVertical": "center",
        },
        Object {
          "fontSize": 16,
          "lineHeight": 30,
        },
        false,
        Object {
          "color": "orange",
          "fontSize": 20,
          "lineHeight": 20,
          "marginRight": 2.5,
        },
      ]
    }
  >
    ☆
  </Text>
  <Text
    accessible={true}
    allowFontScaling={true}
    ellipsizeMode="tail"
    style={
      Array [
        Object {
          "color": "#4a4a4a",
          "fontFamily": undefined,
          "fontWeight": "400",
          "textAlignVertical": "center",
        },
        Object {
          "fontSize": 16,
          "lineHeight": 30,
        },
        false,
        Object {
          "color": "orange",
          "fontSize": 20,
          "lineHeight": 20,
          "marginRight": 2.5,
        },
      ]
    }
  >
    ☆
  </Text>
  <Text
    accessible={true}
    allowFontScaling={true}
    ellipsizeMode="tail"
    style={
      Array [
        Object {
          "color": "#4a4a4a",
          "fontFamily": undefined,
          "fontWeight": "400",
          "textAlignVertical": "center",
        },
        Object {
          "fontSize": 14,
          "lineHeight": 18,
        },
        false,
        Object {
          "color": "orange",
          "fontSize": 20,
          "lineHeight": 20,
        },
      ]
    }
  >
     3.5/5
  </Text>
</View>
`;

exports[`<Rating> when {textColor} 1`] = `
<View
  style={
    Object {
      "alignItems": "center",
      "display": "flex",
      "flexDirection": "row",
    }
  }
>
  <Text
    accessible={true}
    allowFontScaling={true}
    ellipsizeMode="tail"
    style={
      Array [
        Object {
          "color": "#4a4a4a",
          "fontFamily": undefined,
          "fontWeight": "400",
          "textAlignVertical": "center",
        },
        Object {
          "fontSize": 16,
          "lineHeight": 30,
        },
        false,
        Object {
          "marginRight": 2.5,
        },
      ]
    }
  >
    ★
  </Text>
  <Text
    accessible={true}
    allowFontScaling={true}
    ellipsizeMode="tail"
    style={
      Array [
        Object {
          "color": "#4a4a4a",
          "fontFamily": undefined,
          "fontWeight": "400",
          "textAlignVertical": "center",
        },
        Object {
          "fontSize": 16,
          "lineHeight": 30,
        },
        false,
        Object {
          "marginRight": 2.5,
        },
      ]
    }
  >
    ★
  </Text>
  <Text
    accessible={true}
    allowFontScaling={true}
    ellipsizeMode="tail"
    style={
      Array [
        Object {
          "color": "#4a4a4a",
          "fontFamily": undefined,
          "fontWeight": "400",
          "textAlignVertical": "center",
        },
        Object {
          "fontSize": 16,
          "lineHeight": 30,
        },
        false,
        Object {
          "marginRight": 2.5,
        },
      ]
    }
  >
    ★
  </Text>
  <Text
    accessible={true}
    allowFontScaling={true}
    ellipsizeMode="tail"
    style={
      Array [
        Object {
          "color": "#4a4a4a",
          "fontFamily": undefined,
          "fontWeight": "400",
          "textAlignVertical": "center",
        },
        Object {
          "fontSize": 16,
          "lineHeight": 30,
        },
        false,
        Object {
          "marginRight": 2.5,
        },
      ]
    }
  >
    ☆
  </Text>
  <Text
    accessible={true}
    allowFontScaling={true}
    ellipsizeMode="tail"
    style={
      Array [
        Object {
          "color": "#4a4a4a",
          "fontFamily": undefined,
          "fontWeight": "400",
          "textAlignVertical": "center",
        },
        Object {
          "fontSize": 16,
          "lineHeight": 30,
        },
        false,
        Object {
          "marginRight": 2.5,
        },
      ]
    }
  >
    ☆
  </Text>
  <Text
    accessible={true}
    allowFontScaling={true}
    ellipsizeMode="tail"
    style={
      Array [
        Object {
          "color": "#4a4a4a",
          "fontFamily": undefined,
          "fontWeight": "400",
          "textAlignVertical": "center",
        },
        Object {
          "fontSize": 14,
          "lineHeight": 18,
        },
        false,
        Object {
          "color": "#424242",
        },
      ]
    }
  >
     3.5/5
  </Text>
</View>
`;

exports[`<Rating> when {value} 1`] = `
<View
  style={
    Object {
      "alignItems": "center",
      "display": "flex",
      "flexDirection": "row",
    }
  }
>
  <Text
    accessible={true}
    allowFontScaling={true}
    ellipsizeMode="tail"
    style={
      Array [
        Object {
          "color": "#4a4a4a",
          "fontFamily": undefined,
          "fontWeight": "400",
          "textAlignVertical": "center",
        },
        Object {
          "fontSize": 16,
          "lineHeight": 30,
        },
        false,
        Object {
          "marginRight": 2.5,
        },
      ]
    }
  >
    ★
  </Text>
  <Text
    accessible={true}
    allowFontScaling={true}
    ellipsizeMode="tail"
    style={
      Array [
        Object {
          "color": "#4a4a4a",
          "fontFamily": undefined,
          "fontWeight": "400",
          "textAlignVertical": "center",
        },
        Object {
          "fontSize": 16,
          "lineHeight": 30,
        },
        false,
        Object {
          "marginRight": 2.5,
        },
      ]
    }
  >
    ★
  </Text>
  <Text
    accessible={true}
    allowFontScaling={true}
    ellipsizeMode="tail"
    style={
      Array [
        Object {
          "color": "#4a4a4a",
          "fontFamily": undefined,
          "fontWeight": "400",
          "textAlignVertical": "center",
        },
        Object {
          "fontSize": 16,
          "lineHeight": 30,
        },
        false,
        Object {
          "marginRight": 2.5,
        },
      ]
    }
  >
    ★
  </Text>
  <Text
    accessible={true}
    allowFontScaling={true}
    ellipsizeMode="tail"
    style={
      Array [
        Object {
          "color": "#4a4a4a",
          "fontFamily": undefined,
          "fontWeight": "400",
          "textAlignVertical": "center",
        },
        Object {
          "fontSize": 16,
          "lineHeight": 30,
        },
        false,
        Object {
          "marginRight": 2.5,
        },
      ]
    }
  >
    ☆
  </Text>
  <Text
    accessible={true}
    allowFontScaling={true}
    ellipsizeMode="tail"
    style={
      Array [
        Object {
          "color": "#4a4a4a",
          "fontFamily": undefined,
          "fontWeight": "400",
          "textAlignVertical": "center",
        },
        Object {
          "fontSize": 16,
          "lineHeight": 30,
        },
        false,
        Object {
          "marginRight": 2.5,
        },
      ]
    }
  >
    ☆
  </Text>
  <Text
    accessible={true}
    allowFontScaling={true}
    ellipsizeMode="tail"
    style={
      Array [
        Object {
          "color": "#4a4a4a",
          "fontFamily": undefined,
          "fontWeight": "400",
          "textAlignVertical": "center",
        },
        Object {
          "fontSize": 14,
          "lineHeight": 18,
        },
        false,
        Object {},
      ]
    }
  >
     3.5/5
  </Text>
</View>
`;
