// Jest Snapshot v1, https://goo.gl/fbAQLP

exports[`<Dialog> renders 1`] = `
<View
  collapsable={undefined}
  pointerEvents="none"
  style={
    Object {
      "alignContent": "center",
      "alignItems": "center",
      "backgroundColor": "rgba(0,0,0,0.5)",
      "height": "100%",
      "justifyContent": "center",
      "left": 0,
      "opacity": 0,
      "position": "absolute",
      "top": 0,
      "width": "100%",
      "zIndex": 2,
    }
  }
>
  <View
    collapsable={undefined}
    pointerEvents="auto"
    style={
      Object {
        "backgroundColor": "#ffffff",
        "borderRadius": 3,
        "maxHeight": "100%",
        "minWidth": "66%",
        "shadowColor": "#000000",
        "shadowOffset": Object {
          "height": 2,
          "width": 0,
        },
        "shadowOpacity": 0.26,
        "shadowRadius": 5,
        "transform": Array [
          Object {
            "translateY": 1334,
          },
        ],
      }
    }
  >
    <View>
      <RCTScrollView
        onScroll={[Function]}
        style={
          Array [
            Object {
              "paddingHorizontal": 16,
            },
            false,
          ]
        }
      >
        <View />
      </RCTScrollView>
    </View>
  </View>
</View>
`;

exports[`<Dialog> when {title} 1`] = `
<View
  collapsable={undefined}
  pointerEvents="none"
  style={
    Object {
      "alignContent": "center",
      "alignItems": "center",
      "backgroundColor": "rgba(0,0,0,0.5)",
      "height": "100%",
      "justifyContent": "center",
      "left": 0,
      "opacity": 0,
      "position": "absolute",
      "top": 0,
      "width": "100%",
      "zIndex": 2,
    }
  }
>
  <View
    collapsable={undefined}
    pointerEvents="auto"
    style={
      Object {
        "backgroundColor": "#ffffff",
        "borderRadius": 3,
        "maxHeight": "100%",
        "minWidth": "66%",
        "shadowColor": "#000000",
        "shadowOffset": Object {
          "height": 2,
          "width": 0,
        },
        "shadowOpacity": 0.26,
        "shadowRadius": 5,
        "transform": Array [
          Object {
            "translateY": 1334,
          },
        ],
      }
    }
  >
    <View>
      <Text
        accessible={true}
        allowFontScaling={true}
        ellipsizeMode="tail"
        numberOfLines={undefined}
        style={
          Array [
            Object {
              "color": "#4a4a4a",
              "fontFamily": undefined,
            },
            false,
            false,
            Object {
              "fontWeight": "bold",
            },
            false,
            Object {
              "fontSize": 16,
              "lineHeight": 20.8,
            },
            false,
            false,
            false,
            false,
            false,
            false,
            false,
            false,
            Object {
              "fontSize": 20,
              "padding": 16,
            },
          ]
        }
      >
        Hello world
      </Text>
      <RCTScrollView
        onScroll={[Function]}
        style={
          Array [
            Object {
              "paddingHorizontal": 16,
            },
            false,
          ]
        }
      >
        <View />
      </RCTScrollView>
    </View>
  </View>
</View>
`;

exports[`<Dialog> when {visible} 1`] = `
<View
  collapsable={undefined}
  pointerEvents="auto"
  style={
    Object {
      "alignContent": "center",
      "alignItems": "center",
      "backgroundColor": "rgba(0,0,0,0.5)",
      "height": "100%",
      "justifyContent": "center",
      "left": 0,
      "opacity": 1,
      "position": "absolute",
      "top": 0,
      "width": "100%",
      "zIndex": 2,
    }
  }
>
  <View
    collapsable={undefined}
    pointerEvents="auto"
    style={
      Object {
        "backgroundColor": "#ffffff",
        "borderRadius": 3,
        "maxHeight": "100%",
        "minWidth": "66%",
        "shadowColor": "#000000",
        "shadowOffset": Object {
          "height": 2,
          "width": 0,
        },
        "shadowOpacity": 0.26,
        "shadowRadius": 5,
        "transform": Array [
          Object {
            "translateY": 0,
          },
        ],
      }
    }
  >
    <View>
      <RCTScrollView
        onScroll={[Function]}
        style={
          Array [
            Object {
              "paddingHorizontal": 16,
            },
            false,
          ]
        }
      >
        <View />
      </RCTScrollView>
    </View>
  </View>
</View>
`;
