// Jest Snapshot v1, https://goo.gl/fbAQLP

exports[`<ProviderTracking> renders 1`] = `null`;
