// Jest Snapshot v1, https://goo.gl/fbAQLP

exports[`<ProviderTheme> renders 1`] = `null`;

exports[`<ProviderTheme> when {style} 1`] = `null`;
